
C:\Users\Atharva Shivari\OneDrive\Desktop\Work\Astra-Pay\backend>set ERROR_CODE=0 

C:\Users\Atharva Shivari\OneDrive\Desktop\Work\Astra-Pay\backend>set MAVEN_MAIN_CLASS=org.apache.maven.wrapper.MavenWrapperMain 

C:\Users\Atharva Shivari\OneDrive\Desktop\Work\Astra-Pay\backend>if not "C:\Program Files\Eclipse Adoptium\jdk-17.0.18.8-hotspot\" == "" goto OkJHome 

C:\Users\Atharva Shivari\OneDrive\Desktop\Work\Astra-Pay\backend>set "JAVACMD=C:\Program Files\Eclipse Adoptium\jdk-17.0.18.8-hotspot\\bin\java.exe" 

C:\Users\Atharva Shivari\OneDrive\Desktop\Work\Astra-Pay\backend>if exist "C:\Program Files\Eclipse Adoptium\jdk-17.0.18.8-hotspot\\bin\java.exe" goto init 

C:\Users\Atharva Shivari\OneDrive\Desktop\Work\Astra-Pay\backend>set MAVEN_PROJECTBASEDIR= 

C:\Users\Atharva Shivari\OneDrive\Desktop\Work\Astra-Pay\backend>if not "" == "" goto endDetectBaseDir 

C:\Users\Atharva Shivari\OneDrive\Desktop\Work\Astra-Pay\backend>set EXEC_DIR=C:\Users\Atharva Shivari\OneDrive\Desktop\Work\Astra-Pay\backend 

C:\Users\Atharva Shivari\OneDrive\Desktop\Work\Astra-Pay\backend>set W_DIR=C:\Users\Atharva Shivari\OneDrive\Desktop\Work\Astra-Pay\backend 

C:\Users\Atharva Shivari\OneDrive\Desktop\Work\Astra-Pay\backend>if exist "C:\Users\Atharva Shivari\OneDrive\Desktop\Work\Astra-Pay\backend\.mvn" (
set "MAVEN_PROJECTBASEDIR=C:\Users\Atharva Shivari\OneDrive\Desktop\Work\Astra-Pay\backend"  
 goto endDetectBaseDir 
) 

C:\Users\Atharva Shivari\OneDrive\Desktop\Work\Astra-Pay\backend>cd "C:\Users\Atharva Shivari\OneDrive\Desktop\Work\Astra-Pay\backend" 

C:\Users\Atharva Shivari\OneDrive\Desktop\Work\Astra-Pay\backend>set WRAPPER_JAR="C:\Users\Atharva Shivari\OneDrive\Desktop\Work\Astra-Pay\backend\.mvn\wrapper\maven-wrapper.jar" 

C:\Users\Atharva Shivari\OneDrive\Desktop\Work\Astra-Pay\backend>set WRAPPER_PROPERTIES="C:\Users\Atharva Shivari\OneDrive\Desktop\Work\Astra-Pay\backend\.mvn\wrapper\maven-wrapper.properties" 

C:\Users\Atharva Shivari\OneDrive\Desktop\Work\Astra-Pay\backend>set MAVEN_OPTS= "-Dmaven.multiModuleProjectDirectory=C:\Users\Atharva Shivari\OneDrive\Desktop\Work\Astra-Pay\backend" 

C:\Users\Atharva Shivari\OneDrive\Desktop\Work\Astra-Pay\backend>C:\Program Files\Eclipse Adoptium\jdk-17.0.18.8-hotspot\\bin\java.exe  "-Dmaven.multiModuleProjectDirectory=C:\Users\Atharva Shivari\OneDrive\Desktop\Work\Astra-Pay\backend" -classpath "C:\Users\Atharva Shivari\OneDrive\Desktop\Work\Astra-Pay\backend\.mvn\wrapper\maven-wrapper.jar" org.apache.maven.wrapper.MavenWrapperMain clean compile 
.\mvnw.cmd : 
'C:\Program' is not 
recognized as an 
internal or external 
command,
At line:1 char:1
+ .\mvnw.cmd clean 
compile > 
build_output.txt 2>&1
+ ~~~~~~~~~~~~~~~~~~~~~
~~~~~~~~~~~~~~~~~~~~~~~
~~~~
    + CategoryInfo     
         : NotSpecifi  
  ed: ('C:\Program'    
 is...ternal comman    
d,:String) [], Rem    
oteException
    + FullyQualifiedEr 
   rorId : NativeComm  
  andError
 
operable program or 
batch file.

C:\Users\Atharva Shivari\OneDrive\Desktop\Work\Astra-Pay\backend>if ERRORLEVEL 1 goto error 

C:\Users\Atharva Shivari\OneDrive\Desktop\Work\Astra-Pay\backend>set ERROR_CODE=1 

C:\Users\Atharva Shivari\OneDrive\Desktop\Work\Astra-Pay\backend>if not "" == "" goto skipRcPost 

C:\Users\Atharva Shivari\OneDrive\Desktop\Work\Astra-Pay\backend>if "" == "on" pause

C:\Users\Atharva Shivari\OneDrive\Desktop\Work\Astra-Pay\backend>if "" == "on" exit 1 

C:\Users\Atharva Shivari\OneDrive\Desktop\Work\Astra-Pay\backend>exit /B 1 
